// Jest Snapshot v1, https://goo.gl/fbAQLP

exports[`Results renders without crashing 1`] = `
<DocumentFragment>
  <section
    class="results"
    id="results"
  />
</DocumentFragment>
`;
